[2026-09-25 13:17:54] Iniciando proceso de descarga y reemplazo de archivos...
[2026-09-25 13:17:54] Intentando actualización rápida con Git pull...
[2026-09-25 13:17:55] Actualización completada exitosamente mediante Git.
[2026-09-25 13:18:02] Iniciando servicio HTTP en http://127.0.0.1:49221/
[2026-09-25 13:18:02] Servidor de actualización activo. Escuchando peticiones de la extensión...
[2026-09-25 13:18:02] Verificando novedades en GitHub... (Commit local: 69f9a2269d3a92e2d931aa003075f1806f929468)
[2026-09-25 13:18:03] ¡Nuevo commit detectado en GitHub (941e63265a6e1243c9acdc4db5748b5b651e91f7)! Procediendo a auto-actualizar...
[2026-09-25 13:18:03] Iniciando proceso de descarga y reemplazo de archivos...
[2026-09-25 13:18:03] Intentando actualización rápida con Git pull...
[2026-09-25 13:18:03] Actualización completada exitosamente mediante Git.
[2026-09-25 13:18:03] Petición recibida desde extensión: GET /status
[2026-09-25 13:19:29] Iniciando servicio HTTP en http://127.0.0.1:49221/
[2026-09-25 13:19:29] Servidor de actualización activo. Escuchando peticiones de la extensión...
[2026-09-25 13:19:30] Verificando novedades en GitHub... (Commit local: 69f9a2269d3a92e2d931aa003075f1806f929468)
[2026-09-25 13:19:30] Aviso al consultar GitHub: {"message":"API rate limit exceeded for 138.121.113.43. (But here's the good news: Authenticated requests get a higher rate limit. Check out the documentation for more details.)","documentation_url":"https://docs.github.com/rest/overview/resources-in-the-rest-api#rate-limiting"}

[2026-09-25 13:19:31] Petición recibida desde extensión: GET /status
[2026-09-25 13:20:02] Iniciando servicio HTTP en http://127.0.0.1:49221/
[2026-09-25 13:20:02] Servidor de actualización activo. Escuchando peticiones de la extensión...
[2026-09-25 13:20:02] Verificando novedades en GitHub... (Commit local: 69f9a2269d3a92e2d931aa003075f1806f929468)
[2026-09-25 13:20:03] Aviso al consultar GitHub: {"message":"API rate limit exceeded for 138.121.113.43. (But here's the good news: Authenticated requests get a higher rate limit. Check out the documentation for more details.)","documentation_url":"https://docs.github.com/rest/overview/resources-in-the-rest-api#rate-limiting"}

[2026-09-25 13:20:11] Petición recibida desde extensión: GET /status
[2026-09-25 13:20:18] Petición recibida desde extensión: GET /status
[2026-09-25 13:20:24] Petición recibida desde extensión: GET /update
[2026-09-25 13:20:24] Comando de actualización manual recibido desde Chrome.
[2026-09-25 13:20:24] Iniciando proceso de descarga y reemplazo de archivos...
[2026-09-25 13:20:24] Intentando actualización rápida con Git pull...
[2026-09-25 13:20:25] Actualización completada exitosamente mediante Git.
[2026-09-25 13:21:00] Iniciando servicio HTTP en http://127.0.0.1:49221/
[2026-09-25 13:21:00] Servidor de actualización activo. Escuchando peticiones de la extensión...
[2026-09-25 13:21:00] Verificando novedades en GitHub... (Commit local: 69f9a2269d3a92e2d931aa003075f1806f929468)
[2026-09-25 13:21:01] Aviso al consultar GitHub: {"message":"API rate limit exceeded for 138.121.113.43. (But here's the good news: Authenticated requests get a higher rate limit. Check out the documentation for more details.)","documentation_url":"https://docs.github.com/rest/overview/resources-in-the-rest-api#rate-limiting"}

[2026-09-25 13:21:02] Petición recibida desde extensión: GET /status
